[ghriit.raisoni.net/NCRTCSITM/ncrtcsit2019/images/favicon.png]
[backblue.gif]
[fade.gif]
[index.html]
[ghriit.raisoni.net/NCRTCSITM/ncrtcsit2019/images/logo/logo.png]
[ghriit.raisoni.net/NCRTCSITM/ncrtcsit2019/images/logo/RGI_LOGO.png]
[ghriit.raisoni.net/NCRTCSITM/ncrtcsit2019/images/left-img.png]
[ghriit.raisoni.net/NCRTCSITM/ncrtcsit2019/images/right-img.png]
[ghriit.raisoni.net/NCRTCSITM/ncrtcsit2019/images/bg/4.jpg]
[ghriit.raisoni.net/NCRTCSITM/ncrtcsit2019/images/icon/1.png]
[ghriit.raisoni.net/NCRTCSITM/ncrtcsit2019/images/icon/2.png]
[ghriit.raisoni.net/NCRTCSITM/ncrtcsit2019/images/icon/4.png]
[ghriit.raisoni.net/NCRTCSITM/ncrtcsit2019/js/jquery.min.js]
[ghriit.raisoni.net/NCRTCSITM/ncrtcsit2019/js/bootstrap.min.js]
[ghriit.raisoni.net/NCRTCSITM/ncrtcsit2019/js/jquery.easing.min.js]
[ghriit.raisoni.net/NCRTCSITM/ncrtcsit2019/js/scrolling-nav.js]
[ghriit.raisoni.net/NCRTCSITM/ncrtcsit2019/js/jquery.counterup.min.js]
[ghriit.raisoni.net/NCRTCSITM/ncrtcsit2019/js/jquery.waypoints.min.js]
[ghriit.raisoni.net/NCRTCSITM/ncrtcsit2019/js/owl.carousel.min.js]
[ghriit.raisoni.net/NCRTCSITM/ncrtcsit2019/js/wow.min.js]
[ghriit.raisoni.net/NCRTCSITM/ncrtcsit2019/js/countdown.js]
[ghriit.raisoni.net/NCRTCSITM/ncrtcsit2019/js/jquery.plate.js]
[ghriit.raisoni.net/NCRTCSITM/ncrtcsit2019/js/jarallax.min.js]
[ghriit.raisoni.net/NCRTCSITM/ncrtcsit2019/js/jquery.scrollUp.min.js]
[ghriit.raisoni.net/NCRTCSITM/ncrtcsit2019/js/map.js]
[ghriit.raisoni.net/NCRTCSITM/ncrtcsit2019/js/custom.js]
[ghriit.raisoni.net/NCRTCSITM/ncrtcsit2019/index.html]
[ghriit.raisoni.net/NCRTCSITM/ncrtcsit2019/fonts/glyphicons-halflings-regular.eot]
[ghriit.raisoni.net/NCRTCSITM/ncrtcsit2019/fonts/glyphicons-halflings-regulard41dd41d.eot]
[ghriit.raisoni.net/NCRTCSITM/ncrtcsit2019/fonts/glyphicons-halflings-regular.woff2]
[ghriit.raisoni.net/NCRTCSITM/ncrtcsit2019/fonts/glyphicons-halflings-regular.woff]
[ghriit.raisoni.net/NCRTCSITM/ncrtcsit2019/fonts/glyphicons-halflings-regular.ttf]
[ghriit.raisoni.net/NCRTCSITM/ncrtcsit2019/css/bootstrap.min.css]
[ghriit.raisoni.net/NCRTCSITM/ncrtcsit2019/images/preloder.gif]
[ghriit.raisoni.net/NCRTCSITM/ncrtcsit2019/images/bg/1.jpg]
[ghriit.raisoni.net/NCRTCSITM/ncrtcsit2019/images/bg/pattern.png]
[ghriit.raisoni.net/NCRTCSITM/ncrtcsit2019/images/bg/2.jpg]
[ghriit.raisoni.net/NCRTCSITM/ncrtcsit2019/images/bg/3.jpg]
[ghriit.raisoni.net/NCRTCSITM/ncrtcsit2019/images/screenshot/1.jpg]
[ghriit.raisoni.net/NCRTCSITM/ncrtcsit2019/css/style.css]
[ghriit.raisoni.net/NCRTCSITM/ncrtcsit2019/css/responsive.css]
[ghriit.raisoni.net/NCRTCSITM/ncrtcsit2019/index-2.html]
[ghriit.raisoni.net/NCRTCSITM/ncrtcsit2019/venu.html]
[ghriit.raisoni.net/NCRTCSITM/ncrtcsit2019/images/Karbhari.jpg]
[ghriit.raisoni.net/NCRTCSITM/ncrtcsit2019/images/Vilas.jpg]
[ghriit.raisoni.net/NCRTCSITM/ncrtcsit2019/KeynoteSpeaker.html]
[ghriit.raisoni.net/NCRTCSITM/ncrtcsit2019/contactperson.html]
[ghriit.raisoni.net/NCRTCSITM/ncrtcsit2019/www.ghriit.raisoni.html]
[ghriit.raisoni.net/NCRTCSITM/ncrtcsit2019/fonts/glyphicons-halflings-regular.svg]
[ghriit.raisoni.net/NCRTCSITM/ncrtcsit2019/fonts/fontawesome-webfontd41dd41d.eot]
[ghriit.raisoni.net/NCRTCSITM/ncrtcsit2019/fonts/fontawesome-webfont3e6e3e6e.woff2]
[ghriit.raisoni.net/NCRTCSITM/ncrtcsit2019/fonts/fontawesome-webfont3e6e3e6e.woff]
[ghriit.raisoni.net/NCRTCSITM/ncrtcsit2019/fonts/fontawesome-webfont3e6e3e6e.ttf]
[ghriit.raisoni.net/NCRTCSITM/ncrtcsit2019/css/font-awesome.min.css]
[ghriit.raisoni.net/NCRTCSITM/ncrtcsit2019/fonts/Flaticon.eot]
[ghriit.raisoni.net/NCRTCSITM/ncrtcsit2019/fonts/Flaticond41dd41d.eot]
[ghriit.raisoni.net/NCRTCSITM/ncrtcsit2019/fonts/Flaticon.ttf]
[ghriit.raisoni.net/NCRTCSITM/ncrtcsit2019/css/flaticon.css]
[ghriit.raisoni.net/NCRTCSITM/ncrtcsit2019/css/scrolling-nav.css]
[ghriit.raisoni.net/NCRTCSITM/ncrtcsit2019/css/animate.min.css]
[ghriit.raisoni.net/NCRTCSITM/ncrtcsit2019/css/owl.carousel.min.css]
[ghriit.raisoni.net/NCRTCSITM/ncrtcsit2019/css/owl.theme.default.css]
[ghriit.raisoni.net/NCRTCSITM/ncrtcsit2019/css/component.css]
[ghriit.raisoni.net/NCRTCSITM/ncrtcsit2019/fonts/fontawesome-webfont3e6e3e6e.html]
[ghriit.raisoni.net/NCRTCSITM/ncrtcsit2019/fonts/fontawesome-webfont3e6e3e6e.svg]
[ghriit.raisoni.net/NCRTCSITM/ncrtcsit2019/fonts/Flaticon.html]
[ghriit.raisoni.net/NCRTCSITM/ncrtcsit2019/fonts/Flaticon-2.html]
[ghriit.raisoni.net/NCRTCSITM/ncrtcsit2019/css/Flaticon.html]
[ghriit.raisoni.net/NCRTCSITM/ncrtcsit2019/css/owl.video.play.html]
[ghriit.raisoni.net/NCRTCSITM/ncrtcsit2019/fonts/ecoicons/ecoicon.html]
[ghriit.raisoni.net/NCRTCSITM/ncrtcsit2019/fonts/ecoicons/ecoicond41dd41d.html]
[ghriit.raisoni.net/NCRTCSITM/ncrtcsit2019/fonts/ecoicons/ecoicon-2.html]
[ghriit.raisoni.net/NCRTCSITM/ncrtcsit2019/fonts/ecoicons/ecoicon-3.html]
[ghriit.raisoni.net/NCRTCSITM/ncrtcsit2019/fonts/ecoicons/ecoicon-4.html]
